// Jest Snapshot v1, https://goo.gl/fbAQLP

exports[`Component/MainApp should render without throwing an error 1`] = `
<styled.footer>
  <WithStyles(Typography)
    color="inherit"
    style={
      Object {
        "paddingBottom": 5,
      }
    }
  >
    <a
      href="https://github.com/natterstefan/react-trello-multiboard/"
      style={
        Object {
          "color": "#fff",
          "textDecoration": "none",
        }
      }
    >
      <FontAwesomeIcon
        border={false}
        className=""
        fixedWidth={false}
        flip={null}
        icon={
          Array [
            "fab",
            "github",
          ]
        }
        listItem={false}
        mask={null}
        name=""
        pull={null}
        pulse={false}
        rotation={null}
        size="lg"
        spin={false}
        symbol={false}
        transform={null}
      />
       Star on GitHub
    </a>
  </WithStyles(Typography)>
  <WithStyles(Typography)
    color="inherit"
  >
    We are not affiliated, associated, authorized, endorsed by or in any way officially connected to TrelloÂ®, Inc. (www.trello.com).
  </WithStyles(Typography)>
</styled.footer>
`;
